# Map file created from QGIS project file /Users/spring/projects/mapnik-utils/trunk/tutorials/hello_world/qgis_project/world_borders.qgs
# Edit this file to customize for your map interface
# (Created with PyQgis MapServer Export plugin)
MAP
  NAME MyMap
  # Map image size
  SIZE 600 400
  UNITS feet

  EXTENT -189.000000 -107.855924 189.000000 101.479520
  PROJECTION
    'proj=longlat'
    'ellps=WGS84'
    'datum=WGS84'
    'no_defs'
    ''
  END

  # Background color for the map canvas -- change as desired
  IMAGECOLOR 255 255 255
  IMAGEQUALITY 95
  IMAGETYPE AGG
  OUTPUTFORMAT
    NAME 'AGG'
    DRIVER AGG/PNG
    IMAGEMODE RGB
  END
  # Legend
  LEGEND
      IMAGECOLOR 255 255 255
    STATUS ON
    KEYSIZE 18 12
    LABEL
      TYPE BITMAP
      SIZE MEDIUM
      COLOR 0 0 89
    END
  END

  # Web interface definition. Only the template parameter
  # is required to display a map. See MapServer documentation
  WEB
    # Set IMAGEPATH to the path where MapServer should
    # write its output.
    IMAGEPATH '/tmp/'

    # Set IMAGEURL to the url that points to IMAGEPATH
    # as defined in your web server configuration
    IMAGEURL '/tmp/'

    # WMS server settings
    METADATA
      'wms_title'           'MyMap'
      'wms_onlineresource'  'http://my.host.com/cgi-bin/mapserv?map=wms.map&'
      'wms_srs'             'EPSG:4326'
    END

    #Scale range at which web interface will operate
    # Template and header/footer settings
    # Only the template parameter is required to display a map. See MapServer documentation
  END

  LAYER
    NAME '/Users/spring/projects/mapnik-utils/trunk/tutorials/hello_world/data/world_borders.shp'
    TYPE POLYGON
    DATA '/Users/spring/projects/mapnik-utils/trunk/tutorials/hello_world/data/world_borders.shp'
    METADATA
      'wms_title' '/Users/spring/projects/mapnik-utils/trunk/tutorials/hello_world/data/world_borders.shp'
    END
    STATUS DEFAULT
    TRANSPARENCY 100
    PROJECTION
    'proj=longlat'
    'ellps=WGS84'
    'datum=WGS84'
    'no_defs'
    ''
    END
    CLASS
       NAME '/Users/spring/projects/mapnik-utils/trunk/tutorials/hello_world/data/world_borders.shp' 
       STYLE
         SYMBOL 0 
         SIZE 3 
         OUTLINECOLOR 0 0 0
         COLOR 1 34 193
       END
    END
  END

END